
Merging program properties

Removed property 0xc0000002 to merge /usr/lib/gcc/x86_64-linux-gnu/14/../../../x86_64-linux-gnu/crt1.o (not found) and /usr/lib/gcc/x86_64-linux-gnu/14/crtbegin.o (0x3)
Removed property 0xc0000002 to merge /usr/lib/gcc/x86_64-linux-gnu/14/../../../x86_64-linux-gnu/crt1.o (not found) and /usr/lib/gcc/x86_64-linux-gnu/14/crtend.o (0x3)

As-needed library included to satisfy reference by file (symbol)

libc.so.6                     build/release/asmlab.o (fgetc@@GLIBC_2.2.5)

Discarded input sections

 .note.gnu.property
                0x0000000000000000       0x20 /usr/lib/gcc/x86_64-linux-gnu/14/crtbegin.o
 .note.gnu.property
                0x0000000000000000       0x20 /usr/lib/gcc/x86_64-linux-gnu/14/crtend.o

Memory Configuration

Name             Origin             Length             Attributes
*default*        0x0000000000000000 0xffffffffffffffff

Linker script and memory map

LOAD /usr/lib/gcc/x86_64-linux-gnu/14/../../../x86_64-linux-gnu/crt1.o
LOAD /usr/lib/gcc/x86_64-linux-gnu/14/../../../x86_64-linux-gnu/crti.o
LOAD /usr/lib/gcc/x86_64-linux-gnu/14/crtbegin.o
LOAD build/release/asmlab.o
LOAD /usr/lib/gcc/x86_64-linux-gnu/14/libgcc.a
LOAD /usr/lib/gcc/x86_64-linux-gnu/14/libgcc_s.so
START GROUP
LOAD /usr/lib/gcc/x86_64-linux-gnu/14/../../../x86_64-linux-gnu/libgcc_s.so.1
LOAD /usr/lib/gcc/x86_64-linux-gnu/14/libgcc.a
END GROUP
LOAD /usr/lib/gcc/x86_64-linux-gnu/14/../../../x86_64-linux-gnu/libc.so
START GROUP
LOAD /lib/x86_64-linux-gnu/libc.so.6
LOAD /usr/lib/x86_64-linux-gnu/libc_nonshared.a
LOAD /lib64/ld-linux-x86-64.so.2
END GROUP
LOAD /usr/lib/gcc/x86_64-linux-gnu/14/libgcc.a
LOAD /usr/lib/gcc/x86_64-linux-gnu/14/libgcc_s.so
START GROUP
LOAD /usr/lib/gcc/x86_64-linux-gnu/14/../../../x86_64-linux-gnu/libgcc_s.so.1
LOAD /usr/lib/gcc/x86_64-linux-gnu/14/libgcc.a
END GROUP
LOAD /usr/lib/gcc/x86_64-linux-gnu/14/crtend.o
LOAD /usr/lib/gcc/x86_64-linux-gnu/14/../../../x86_64-linux-gnu/crtn.o
                [!provide]                        PROVIDE (__executable_start = SEGMENT_START ("text-segment", 0x400000))
                0x0000000000400350                . = (SEGMENT_START ("text-segment", 0x400000) + SIZEOF_HEADERS)

.note.gnu.property
                0x0000000000400350       0x20
 .note.gnu.property
                0x0000000000400350       0x20 /usr/lib/gcc/x86_64-linux-gnu/14/../../../x86_64-linux-gnu/crt1.o

.note.gnu.build-id
                0x0000000000400370       0x24
 *(.note.gnu.build-id)
 .note.gnu.build-id
                0x0000000000400370       0x24 /usr/lib/gcc/x86_64-linux-gnu/14/../../../x86_64-linux-gnu/crt1.o

.interp         0x0000000000400394       0x1c
 *(.interp)
 .interp        0x0000000000400394       0x1c /usr/lib/gcc/x86_64-linux-gnu/14/../../../x86_64-linux-gnu/crt1.o

.hash
 *(.hash)

.gnu.hash       0x00000000004003b0       0x24
 *(.gnu.hash)
 .gnu.hash      0x00000000004003b0       0x24 /usr/lib/gcc/x86_64-linux-gnu/14/../../../x86_64-linux-gnu/crt1.o

.dynsym         0x00000000004003d8      0x1b0
 *(.dynsym)
 .dynsym        0x00000000004003d8      0x1b0 /usr/lib/gcc/x86_64-linux-gnu/14/../../../x86_64-linux-gnu/crt1.o

.dynstr         0x0000000000400588       0xb1
 *(.dynstr)
 .dynstr        0x0000000000400588       0xb1 /usr/lib/gcc/x86_64-linux-gnu/14/../../../x86_64-linux-gnu/crt1.o

.gnu.version    0x000000000040063a       0x24
 *(.gnu.version)
 .gnu.version   0x000000000040063a       0x24 /usr/lib/gcc/x86_64-linux-gnu/14/../../../x86_64-linux-gnu/crt1.o

.gnu.version_d  0x0000000000400660        0x0
 *(.gnu.version_d)
 .gnu.version_d
                0x0000000000400660        0x0 /usr/lib/gcc/x86_64-linux-gnu/14/../../../x86_64-linux-gnu/crt1.o

.gnu.version_r  0x0000000000400660       0x40
 *(.gnu.version_r)
 .gnu.version_r
                0x0000000000400660       0x40 /usr/lib/gcc/x86_64-linux-gnu/14/../../../x86_64-linux-gnu/crt1.o

.rela.dyn       0x00000000004006a0       0x48
 *(.rela.init)
 *(.rela.text .rela.text.* .rela.gnu.linkonce.t.*)
 .rela.text     0x00000000004006a0        0x0 /usr/lib/gcc/x86_64-linux-gnu/14/../../../x86_64-linux-gnu/crt1.o
 *(.rela.fini)
 *(.rela.rodata .rela.rodata.* .rela.gnu.linkonce.r.*)
 *(.rela.data .rela.data.* .rela.gnu.linkonce.d.*)
 .rela.data.rel.ro
                0x00000000004006a0        0x0 /usr/lib/gcc/x86_64-linux-gnu/14/../../../x86_64-linux-gnu/crt1.o
 *(.rela.tdata .rela.tdata.* .rela.gnu.linkonce.td.*)
 *(.rela.tbss .rela.tbss.* .rela.gnu.linkonce.tb.*)
 *(.rela.ctors)
 *(.rela.dtors)
 *(.rela.got)
 .rela.got      0x00000000004006a0       0x30 /usr/lib/gcc/x86_64-linux-gnu/14/../../../x86_64-linux-gnu/crt1.o
 *(.rela.bss .rela.bss.* .rela.gnu.linkonce.b.*)
 .rela.bss      0x00000000004006d0       0x18 /usr/lib/gcc/x86_64-linux-gnu/14/../../../x86_64-linux-gnu/crt1.o
 *(.rela.ldata .rela.ldata.* .rela.gnu.linkonce.l.*)
 *(.rela.lbss .rela.lbss.* .rela.gnu.linkonce.lb.*)
 *(.rela.lrodata .rela.lrodata.* .rela.gnu.linkonce.lr.*)
 *(.rela.ifunc)

.rela.plt       0x00000000004006e8      0x150
 *(.rela.plt)
 .rela.plt      0x00000000004006e8      0x150 /usr/lib/gcc/x86_64-linux-gnu/14/../../../x86_64-linux-gnu/crt1.o
                [!provide]                        PROVIDE (__rela_iplt_start = .)
 *(.rela.iplt)
 .rela.iplt     0x0000000000400838        0x0 /usr/lib/gcc/x86_64-linux-gnu/14/../../../x86_64-linux-gnu/crt1.o
                [!provide]                        PROVIDE (__rela_iplt_end = .)

.relr.dyn
 *(.relr.dyn)
                0x0000000000401000                . = ALIGN (CONSTANT (MAXPAGESIZE))

.init           0x0000000000401000       0x17
 *(SORT_NONE(.init))
 .init          0x0000000000401000       0x12 /usr/lib/gcc/x86_64-linux-gnu/14/../../../x86_64-linux-gnu/crti.o
                0x0000000000401000                _init
 .init          0x0000000000401012        0x5 /usr/lib/gcc/x86_64-linux-gnu/14/../../../x86_64-linux-gnu/crtn.o

.plt            0x0000000000401020       0xf0
 *(.plt)
 .plt           0x0000000000401020       0xf0 /usr/lib/gcc/x86_64-linux-gnu/14/../../../x86_64-linux-gnu/crt1.o
                0x0000000000401030                puts@@GLIBC_2.2.5
                0x0000000000401040                ferror@@GLIBC_2.2.5
                0x0000000000401050                isatty@@GLIBC_2.2.5
                0x0000000000401060                strtod@@GLIBC_2.2.5
                0x0000000000401070                fclose@@GLIBC_2.2.5
                0x0000000000401080                strlen@@GLIBC_2.2.5
                0x0000000000401090                printf@@GLIBC_2.2.5
                0x00000000004010a0                memset@@GLIBC_2.2.5
                0x00000000004010b0                fgetc@@GLIBC_2.2.5
                0x00000000004010c0                fgets@@GLIBC_2.2.5
                0x00000000004010d0                strcmp@@GLIBC_2.2.5
                0x00000000004010e0                memcpy@@GLIBC_2.14
                0x00000000004010f0                fflush@@GLIBC_2.2.5
                0x0000000000401100                fopen@@GLIBC_2.2.5
 *(.iplt)
 .iplt          0x0000000000401110        0x0 /usr/lib/gcc/x86_64-linux-gnu/14/../../../x86_64-linux-gnu/crt1.o

.plt.got        0x0000000000401110        0x0
 *(.plt.got)
 .plt.got       0x0000000000401110        0x0 /usr/lib/gcc/x86_64-linux-gnu/14/../../../x86_64-linux-gnu/crt1.o

.plt.sec
 *(.plt.sec)

.text           0x0000000000401110     0x3100
 *(.text.unlikely .text.*_unlikely .text.unlikely.*)
 *(.text.exit .text.exit.*)
 *(.text.startup .text.startup.*)
 *(.text.hot .text.hot.*)
 *(SORT_BY_NAME(.text.sorted.*))
 *(.text .stub .text.* .gnu.linkonce.t.*)
 .text          0x0000000000401110       0x31 /usr/lib/gcc/x86_64-linux-gnu/14/../../../x86_64-linux-gnu/crt1.o
                0x0000000000401110                _start
                0x0000000000401140                _dl_relocate_static_pie
 .text          0x0000000000401141        0x0 /usr/lib/gcc/x86_64-linux-gnu/14/../../../x86_64-linux-gnu/crti.o
 *fill*         0x0000000000401141        0xf 
 .text          0x0000000000401150       0xa6 /usr/lib/gcc/x86_64-linux-gnu/14/crtbegin.o
 *fill*         0x00000000004011f6        0xa 
 .text          0x0000000000401200     0x3010 build/release/asmlab.o
                0x0000000000403810                main
 .text          0x0000000000404210        0x0 /usr/lib/gcc/x86_64-linux-gnu/14/crtend.o
 .text          0x0000000000404210        0x0 /usr/lib/gcc/x86_64-linux-gnu/14/../../../x86_64-linux-gnu/crtn.o
 *(.gnu.warning)

.fini           0x0000000000404210        0x9
 *(SORT_NONE(.fini))
 .fini          0x0000000000404210        0x4 /usr/lib/gcc/x86_64-linux-gnu/14/../../../x86_64-linux-gnu/crti.o
                0x0000000000404210                _fini
 .fini          0x0000000000404214        0x5 /usr/lib/gcc/x86_64-linux-gnu/14/../../../x86_64-linux-gnu/crtn.o
                [!provide]                        PROVIDE (__etext = .)
                [!provide]                        PROVIDE (_etext = .)
                [!provide]                        PROVIDE (etext = .)
                0x0000000000405000                . = ALIGN (CONSTANT (MAXPAGESIZE))
                0x0000000000405000                . = SEGMENT_START ("rodata-segment", (ALIGN (CONSTANT (MAXPAGESIZE)) + (. & (CONSTANT (MAXPAGESIZE) - 0x1))))

.rodata         0x0000000000405000     0x15fb
 *(.rodata .rodata.* .gnu.linkonce.r.*)
 .rodata.cst4   0x0000000000405000        0x4 /usr/lib/gcc/x86_64-linux-gnu/14/../../../x86_64-linux-gnu/crt1.o
                0x0000000000405000                _IO_stdin_used
 *fill*         0x0000000000405004        0xc 
 .rodata        0x0000000000405010     0x15eb build/release/asmlab.o

.rodata1
 *(.rodata1)

.eh_frame_hdr   0x00000000004065fc       0x24
 *(.eh_frame_hdr)
 .eh_frame_hdr  0x00000000004065fc       0x24 /usr/lib/gcc/x86_64-linux-gnu/14/../../../x86_64-linux-gnu/crt1.o
                0x00000000004065fc                __GNU_EH_FRAME_HDR
 *(.eh_frame_entry .eh_frame_entry.*)

.eh_frame       0x0000000000406620       0x80
 *(.eh_frame)
 .eh_frame      0x0000000000406620       0x58 /usr/lib/gcc/x86_64-linux-gnu/14/../../../x86_64-linux-gnu/crt1.o
                                         0x5c (size before relaxing)
 *fill*         0x0000000000406678        0x0 
 .eh_frame      0x0000000000406678       0x24 /usr/lib/gcc/x86_64-linux-gnu/14/../../../x86_64-linux-gnu/crt1.o
                                         0x40 (size before relaxing)
 .eh_frame      0x000000000040669c        0x0 /usr/lib/gcc/x86_64-linux-gnu/14/../../../x86_64-linux-gnu/crt1.o
 .eh_frame      0x000000000040669c        0x4 /usr/lib/gcc/x86_64-linux-gnu/14/crtend.o
 *(.eh_frame.*)

.sframe         0x00000000004066a0        0x0
 *(.sframe)
 .sframe        0x00000000004066a0        0x0 /usr/lib/gcc/x86_64-linux-gnu/14/../../../x86_64-linux-gnu/crt1.o
 .sframe        0x00000000004066a0        0x0 /usr/lib/gcc/x86_64-linux-gnu/14/../../../x86_64-linux-gnu/crt1.o
 *(.sframe.*)

.gcc_except_table
 *(.gcc_except_table .gcc_except_table.*)

.gnu_extab
 *(.gnu_extab*)

.exception_ranges
 *(.exception_ranges*)

.note.build-id
 *(.note.build-id)

.note.GNU-stack
                0x00000000004066a0        0x0
 *(.note.GNU-stack)
 .note.GNU-stack
                0x00000000004066a0        0x0 /usr/lib/gcc/x86_64-linux-gnu/14/../../../x86_64-linux-gnu/crt1.o
 .note.GNU-stack
                0x00000000004066a0        0x0 /usr/lib/gcc/x86_64-linux-gnu/14/../../../x86_64-linux-gnu/crti.o
 .note.GNU-stack
                0x00000000004066a0        0x0 /usr/lib/gcc/x86_64-linux-gnu/14/crtbegin.o
 .note.GNU-stack
                0x00000000004066a0        0x0 build/release/asmlab.o
 .note.GNU-stack
                0x00000000004066a0        0x0 /usr/lib/gcc/x86_64-linux-gnu/14/crtend.o
 .note.GNU-stack
                0x00000000004066a0        0x0 /usr/lib/gcc/x86_64-linux-gnu/14/../../../x86_64-linux-gnu/crtn.o

.note.gnu-property
 *(.note.gnu-property)

.note.ABI-tag   0x00000000004066a0       0x20
 *(.note.ABI-tag)
 .note.ABI-tag  0x00000000004066a0       0x20 /usr/lib/gcc/x86_64-linux-gnu/14/../../../x86_64-linux-gnu/crt1.o

.note.package
 *(.note.package)

.note.dlopen
 *(.note.dlopen)

.note.netbsd.ident
 *(.note.netbsd.ident)

.note.openbsd.ident
 *(.note.openbsd.ident)
                0x0000000000407d68                . = DATA_SEGMENT_ALIGN (CONSTANT (MAXPAGESIZE), CONSTANT (COMMONPAGESIZE))

.eh_frame
 *(.eh_frame)
 *(.eh_frame.*)

.sframe
 *(.sframe)
 *(.sframe.*)

.gnu_extab
 *(.gnu_extab)

.gcc_except_table
 *(.gcc_except_table .gcc_except_table.*)

.exception_ranges
 *(.exception_ranges*)

.tdata          0x0000000000407d68        0x0
                [!provide]                        PROVIDE (__tdata_start = .)
 *(.tdata .tdata.* .gnu.linkonce.td.*)

.tbss
 *(.tbss .tbss.* .gnu.linkonce.tb.*)
 *(.tcommon)

.preinit_array  0x0000000000407d68        0x0
                [!provide]                        PROVIDE (__preinit_array_start = .)
 *(.preinit_array)
                [!provide]                        PROVIDE (__preinit_array_end = .)

.init_array     0x0000000000407d68        0x8
                [!provide]                        PROVIDE (__init_array_start = .)
 *(SORT_BY_INIT_PRIORITY(.init_array.*) SORT_BY_INIT_PRIORITY(.ctors.*))
 *(.init_array EXCLUDE_FILE(*crtend?.o *crtend.o *crtbegin?.o *crtbegin.o) .ctors)
 .init_array    0x0000000000407d68        0x8 /usr/lib/gcc/x86_64-linux-gnu/14/crtbegin.o
                [!provide]                        PROVIDE (__init_array_end = .)

.fini_array     0x0000000000407d70        0x8
                [!provide]                        PROVIDE (__fini_array_start = .)
 *(SORT_BY_INIT_PRIORITY(.fini_array.*) SORT_BY_INIT_PRIORITY(.dtors.*))
 *(.fini_array EXCLUDE_FILE(*crtend?.o *crtend.o *crtbegin?.o *crtbegin.o) .dtors)
 .fini_array    0x0000000000407d70        0x8 /usr/lib/gcc/x86_64-linux-gnu/14/crtbegin.o
                [!provide]                        PROVIDE (__fini_array_end = .)

.ctors
 *crtbegin.o(.ctors)
 *crtbegin?.o(.ctors)
 *(EXCLUDE_FILE(*crtend?.o *crtend.o) .ctors)
 *(SORT_BY_NAME(.ctors.*))
 *(.ctors)

.dtors
 *crtbegin.o(.dtors)
 *crtbegin?.o(.dtors)
 *(EXCLUDE_FILE(*crtend?.o *crtend.o) .dtors)
 *(SORT_BY_NAME(.dtors.*))
 *(.dtors)

.jcr
 *(.jcr)

.data.rel.ro    0x0000000000407d78        0x0
 *(.data.rel.ro.local* .gnu.linkonce.d.rel.ro.local.*)
 *(.data.rel.ro .data.rel.ro.* .gnu.linkonce.d.rel.ro.*)
 .data.rel.ro   0x0000000000407d78        0x0 /usr/lib/gcc/x86_64-linux-gnu/14/../../../x86_64-linux-gnu/crt1.o

.dynamic        0x0000000000407d78      0x1f0
 *(.dynamic)
 .dynamic       0x0000000000407d78      0x1f0 /usr/lib/gcc/x86_64-linux-gnu/14/../../../x86_64-linux-gnu/crt1.o
                0x0000000000407d78                _DYNAMIC

.got            0x0000000000407f68       0x98
 *(.got.plt)
 .got.plt       0x0000000000407f68       0x88 /usr/lib/gcc/x86_64-linux-gnu/14/../../../x86_64-linux-gnu/crt1.o
                0x0000000000407f68                _GLOBAL_OFFSET_TABLE_
 *(.igot.plt)
 .igot.plt      0x0000000000407ff0        0x0 /usr/lib/gcc/x86_64-linux-gnu/14/../../../x86_64-linux-gnu/crt1.o
 *(.got)
 .got           0x0000000000407ff0       0x10 /usr/lib/gcc/x86_64-linux-gnu/14/../../../x86_64-linux-gnu/crt1.o
 *(.igot)
                0x0000000000408000                . = DATA_SEGMENT_RELRO_END (., 0x0)

.data           0x0000000000408000       0x10
 *(.data .data.* .gnu.linkonce.d.*)
 .data          0x0000000000408000        0x4 /usr/lib/gcc/x86_64-linux-gnu/14/../../../x86_64-linux-gnu/crt1.o
                0x0000000000408000                data_start
                0x0000000000408000                __data_start
 .data          0x0000000000408004        0x0 /usr/lib/gcc/x86_64-linux-gnu/14/../../../x86_64-linux-gnu/crti.o
 *fill*         0x0000000000408004        0x4 
 .data          0x0000000000408008        0x8 /usr/lib/gcc/x86_64-linux-gnu/14/crtbegin.o
                0x0000000000408008                __dso_handle
 .data          0x0000000000408010        0x0 /usr/lib/gcc/x86_64-linux-gnu/14/crtend.o
 .data          0x0000000000408010        0x0 /usr/lib/gcc/x86_64-linux-gnu/14/../../../x86_64-linux-gnu/crtn.o

.tm_clone_table
                0x0000000000408010        0x0
 .tm_clone_table
                0x0000000000408010        0x0 /usr/lib/gcc/x86_64-linux-gnu/14/crtbegin.o
 .tm_clone_table
                0x0000000000408010        0x0 /usr/lib/gcc/x86_64-linux-gnu/14/crtend.o

.data1
 *(.data1)
                0x0000000000408010                _edata = .
                [!provide]                        PROVIDE (edata = .)
                0x0000000000408010                . = ALIGN (ALIGNOF (NEXT_SECTION))
                0x0000000000408010                __bss_start = .

.bss            0x0000000000408010   0x1f4e38
 *(.dynbss)
 .dynbss        0x0000000000408010        0x8 /usr/lib/gcc/x86_64-linux-gnu/14/../../../x86_64-linux-gnu/crt1.o
                0x0000000000408010                stdin@@GLIBC_2.2.5
 *(.bss .bss.* .gnu.linkonce.b.*)
 .bss           0x0000000000408018        0x0 /usr/lib/gcc/x86_64-linux-gnu/14/../../../x86_64-linux-gnu/crt1.o
 .bss           0x0000000000408018        0x0 /usr/lib/gcc/x86_64-linux-gnu/14/../../../x86_64-linux-gnu/crti.o
 .bss           0x0000000000408018        0x1 /usr/lib/gcc/x86_64-linux-gnu/14/crtbegin.o
 *fill*         0x0000000000408019        0x7 
 .bss           0x0000000000408020   0x1f4e24 build/release/asmlab.o
 .bss           0x00000000005fce44        0x0 /usr/lib/gcc/x86_64-linux-gnu/14/crtend.o
 .bss           0x00000000005fce44        0x0 /usr/lib/gcc/x86_64-linux-gnu/14/../../../x86_64-linux-gnu/crtn.o
 *(COMMON)
                0x00000000005fce48                . = ALIGN ((. != 0x0)?0x8:0x1)
 *fill*         0x00000000005fce44        0x4 

.lbss
 *(.dynlbss)
 *(.lbss .lbss.* .gnu.linkonce.lb.*)
 *(LARGE_COMMON)
                0x00000000005fce48                . = ALIGN (0x8)
                0x00000000005fce48                . = SEGMENT_START ("ldata-segment", .)

.lrodata
 *(.lrodata .lrodata.* .gnu.linkonce.lr.*)

.ldata          0x00000000005fee48        0x0
 *(.ldata .ldata.* .gnu.linkonce.l.*)
                0x00000000005fee48                . = ALIGN ((. != 0x0)?0x8:0x1)
                0x00000000005fee48                . = ALIGN (0x8)
                0x00000000005fce48                _end = .
                [!provide]                        PROVIDE (end = .)
                0x00000000005fee48                . = DATA_SEGMENT_END (.)

.stab
 *(.stab)

.stabstr
 *(.stabstr)

.stab.excl
 *(.stab.excl)

.stab.exclstr
 *(.stab.exclstr)

.stab.index
 *(.stab.index)

.stab.indexstr
 *(.stab.indexstr)

.comment        0x0000000000000000       0x1f
 *(.comment)
 .comment       0x0000000000000000       0x1f /usr/lib/gcc/x86_64-linux-gnu/14/crtbegin.o
                                         0x20 (size before relaxing)
 .comment       0x000000000000001f       0x20 /usr/lib/gcc/x86_64-linux-gnu/14/crtend.o

.gnu.build.attributes
 *(.gnu.build.attributes .gnu.build.attributes.*)

.debug
 *(.debug)

.line
 *(.line)

.debug_srcinfo
 *(.debug_srcinfo)

.debug_sfnames
 *(.debug_sfnames)

.debug_aranges
 *(.debug_aranges)

.debug_pubnames
 *(.debug_pubnames)

.debug_info
 *(.debug_info .gnu.linkonce.wi.*)

.debug_abbrev
 *(.debug_abbrev)

.debug_line
 *(.debug_line .debug_line.* .debug_line_end)

.debug_frame
 *(.debug_frame)

.debug_str
 *(.debug_str)

.debug_loc
 *(.debug_loc)

.debug_macinfo
 *(.debug_macinfo)

.debug_weaknames
 *(.debug_weaknames)

.debug_funcnames
 *(.debug_funcnames)

.debug_typenames
 *(.debug_typenames)

.debug_varnames
 *(.debug_varnames)

.debug_pubtypes
 *(.debug_pubtypes)

.debug_ranges
 *(.debug_ranges)

.debug_addr
 *(.debug_addr)

.debug_line_str
 *(.debug_line_str)

.debug_loclists
 *(.debug_loclists)

.debug_macro
 *(.debug_macro)

.debug_names
 *(.debug_names)

.debug_rnglists
 *(.debug_rnglists)

.debug_str_offsets
 *(.debug_str_offsets)

.debug_sup
 *(.debug_sup)

.gnu.attributes
 *(.gnu.attributes)

/DISCARD/
 *(.note.GNU-stack)
 *(.gnu_debuglink)
 *(.gnu.lto_*)
 *(.gnu_object_only)
OUTPUT(bin/asmlab elf64-x86-64)
