$ /usr/bin/python3 tests/dynamic_workspace.py --report /mnt/data/ASMlab-v0.5.0/build/evidence/dynamic/dynamic-workspace.json
{
  "case_count": 8892,
  "group_counts": {
    "allocator_abi": 1315,
    "allocator_stats_status": 868,
    "allocator_start": 1,
    "quota_invalid": 5,
    "allocation_reject": 4,
    "free_null": 1,
    "allocate": 214,
    "mapping_accounting": 214,
    "alignment": 214,
    "anonymous_zero": 214,
    "live_payload": 206,
    "free_accounting": 206,
    "retained_payload": 8,
    "all_freed": 1,
    "quota_min": 1,
    "exact_mapping_limit": 1,
    "quota_no_mutation": 1,
    "quota_live_busy": 1,
    "allocator_final": 1,
    "asmlab.success": 356,
    "asmlab.shape": 356,
    "asmlab.values": 356,
    "asmlab.reject": 36,
    "asmlab.index_reject": 11,
    "asmlab.quota_cli": 6,
    "asmlab.session_shape": 1,
    "asmlab.session_copy": 5,
    "asmlab.clear_release": 1,
    "asmlab.atomic_error": 5,
    "asmlab.error_cleanup": 5,
    "asmlab.symbols_growth": 1,
    "asmlab.symbols_lookup": 1,
    "asmlab.symbols_clear": 1,
    "asmlab.drop_ans": 1,
    "asmlab.churn_exit": 1,
    "asmlab.churn_balanced": 180,
    "asmlab.oom_commit": 2,
    "asmlab.oom_stage_reached": 2,
    "asmlab.oom_no_orphan": 2,
    "asmlab.oom_temp_reclaimed": 2,
    "asmlab.oom_clear": 2,
    "asmlab.kernel_oom": 1,
    "asmlab.kernel_oom_cleanup": 1,
    "asmlab.linspace_trace": 1,
    "asmlab.linspace_ast": 1,
    "asmlab.index_trace": 1,
    "asmlab.bounded_preview": 1,
    "asmlab.json_not_truncated": 1,
    "asmlab.quiet_not_truncated": 1,
    "asmlab.replay_drop_survives": 2,
    "asmlab.replay_invalidated": 2,
    "asmlab.nested_arguments_matrix": 1,
    "asmlab.trace_overflow_visible": 1,
    "asmlab.dynamic_fuzz_exit": 1,
    "asmlab.dynamic_fuzz_cleanup": 450,
    "asmlab-debug.success": 356,
    "asmlab-debug.shape": 356,
    "asmlab-debug.values": 356,
    "asmlab-debug.reject": 36,
    "asmlab-debug.index_reject": 11,
    "asmlab-debug.quota_cli": 6,
    "asmlab-debug.session_shape": 1,
    "asmlab-debug.session_copy": 5,
    "asmlab-debug.clear_release": 1,
    "asmlab-debug.atomic_error": 5,
    "asmlab-debug.error_cleanup": 5,
    "asmlab-debug.symbols_growth": 1,
    "asmlab-debug.symbols_lookup": 1,
    "asmlab-debug.symbols_clear": 1,
    "asmlab-debug.drop_ans": 1,
    "asmlab-debug.churn_exit": 1,
    "asmlab-debug.churn_balanced": 180,
    "asmlab-debug.oom_commit": 2,
    "asmlab-debug.oom_stage_reached": 2,
    "asmlab-debug.oom_no_orphan": 2,
    "asmlab-debug.oom_temp_reclaimed": 2,
    "asmlab-debug.oom_clear": 2,
    "asmlab-debug.kernel_oom": 1,
    "asmlab-debug.kernel_oom_cleanup": 1,
    "asmlab-debug.linspace_trace": 1,
    "asmlab-debug.linspace_ast": 1,
    "asmlab-debug.index_trace": 1,
    "asmlab-debug.bounded_preview": 1,
    "asmlab-debug.json_not_truncated": 1,
    "asmlab-debug.quiet_not_truncated": 1,
    "asmlab-debug.replay_drop_survives": 2,
    "asmlab-debug.replay_invalidated": 2,
    "asmlab-debug.nested_arguments_matrix": 1,
    "asmlab-debug.trace_overflow_visible": 1,
    "asmlab-debug.dynamic_fuzz_exit": 1,
    "asmlab-debug.dynamic_fuzz_cleanup": 450,
    "asmlab-libc-reference.success": 356,
    "asmlab-libc-reference.shape": 356,
    "asmlab-libc-reference.values": 356,
    "asmlab-libc-reference.reject": 36,
    "asmlab-libc-reference.index_reject": 11,
    "asmlab-libc-reference.quota_cli": 6,
    "asmlab-libc-reference.session_shape": 1,
    "asmlab-libc-reference.session_copy": 5,
    "asmlab-libc-reference.clear_release": 1,
    "asmlab-libc-reference.atomic_error": 5,
    "asmlab-libc-reference.error_cleanup": 5,
    "asmlab-libc-reference.symbols_growth": 1,
    "asmlab-libc-reference.symbols_lookup": 1,
    "asmlab-libc-reference.symbols_clear": 1,
    "asmlab-libc-reference.drop_ans": 1,
    "asmlab-libc-reference.churn_exit": 1,
    "asmlab-libc-reference.churn_balanced": 180,
    "asmlab-libc-reference.oom_commit": 2,
    "asmlab-libc-reference.oom_stage_reached": 2,
    "asmlab-libc-reference.oom_no_orphan": 2,
    "asmlab-libc-reference.oom_temp_reclaimed": 2,
    "asmlab-libc-reference.oom_clear": 2,
    "asmlab-libc-reference.kernel_oom": 1,
    "asmlab-libc-reference.kernel_oom_cleanup": 1,
    "asmlab-libc-reference.linspace_trace": 1,
    "asmlab-libc-reference.linspace_ast": 1,
    "asmlab-libc-reference.index_trace": 1,
    "asmlab-libc-reference.bounded_preview": 1,
    "asmlab-libc-reference.json_not_truncated": 1,
    "asmlab-libc-reference.quiet_not_truncated": 1,
    "asmlab-libc-reference.replay_drop_survives": 2,
    "asmlab-libc-reference.replay_invalidated": 2,
    "asmlab-libc-reference.nested_arguments_matrix": 1,
    "asmlab-libc-reference.trace_overflow_visible": 1,
    "asmlab-libc-reference.dynamic_fuzz_exit": 1,
    "asmlab-libc-reference.dynamic_fuzz_cleanup": 450,
    "parity_exit": 3,
    "backend_parity": 15,
    "dynamic_empty_root": 4
  },
  "failure_count": 0,
  "failures": [],
  "schema_version": 1,
  "version": "0.5.0",
  "limitations": [
    "Tests are finite samples, not formal memory-safety or numerical proofs.",
    "Quota accounts page-rounded dynamic mappings, not stack, static storage, total RSS or CPU time.",
    "Arbitrary/double free is outside the allocator ABI; no thread-safe API or user-code execution.",
    "Operating-system OOM-killer termination is not a recoverable allocation-error guarantee."
  ]
}
