$ sh tests/audit.sh /mnt/data/ASMlab-v0.5.0/bin/asmlab-debug

Elf file type is EXEC (Executable file)
Entry point 0x40b420
There are 6 program headers, starting at offset 64

Program Headers:
  Type           Offset   VirtAddr           PhysAddr           FileSiz  MemSiz   Flg Align
  LOAD           0x000000 0x0000000000400000 0x0000000000400000 0x0001b4 0x0001b4 R   0x1000
  LOAD           0x001000 0x0000000000401000 0x0000000000401000 0x00ab47 0x00ab47 R E 0x1000
  LOAD           0x00c000 0x000000000040c000 0x000000000040c000 0x002c53 0x002c53 R   0x1000
  LOAD           0x00f000 0x000000000040f000 0x000000000040f000 0x000098 0x1e0c08 RW  0x1000
  NOTE           0x000190 0x0000000000400190 0x0000000000400190 0x000024 0x000024 R   0x4
  GNU_STACK      0x000000 0x0000000000000000 0x0000000000000000 0x000000 0x000000 RW  0x10

 Section to Segment mapping:
  Segment Sections...
   00     .note.gnu.build-id 
   01     .text 
   02     .rodata 
   03     .data .bss 
   04     .note.gnu.build-id 
   05     
PASS: L3-Core ELF64 x86-64 EXEC; own _start; no interpreter/NEEDED/undefined symbols; NX stack; no RWX LOAD; own decimal; SSE2.
No dynamic linker means RELRO/NOW checks are inapplicable, not a general security certification. Non-PIE.
