$ /opt/pyvenv/bin/python3 tests/native_contract.py --report /mnt/data/ASMlab-v0.1.1/build/evidence/native-contract.json
{
  "schema_version": 1,
  "version": "0.1.1",
  "case_count": 1254,
  "group_counts": {
    "release.elf": 1,
    "release.debug": 1,
    "release.provenance": 4,
    "release.version": 1,
    "release.constant_fixture": 1,
    "release.constant_bits": 50,
    "release.alignment": 3,
    "release.instruction_bytes": 12,
    "release.instruction_disassembly": 12,
    "release.trace_presence": 16,
    "release.trace_address": 86,
    "release.trace_raw_bits": 86,
    "release.mxcsr_control": 86,
    "release.opcode_coverage": 1,
    "release.mxcsr_status": 1,
    "release.mxcsr_reset": 1,
    "release.cli": 2,
    "release.rollback": 1,
    "release.file_input": 1,
    "debug.elf": 1,
    "debug.debug": 1,
    "debug.provenance": 4,
    "debug.version": 1,
    "debug.constant_fixture": 1,
    "debug.constant_bits": 50,
    "debug.alignment": 3,
    "debug.instruction_bytes": 12,
    "debug.instruction_disassembly": 12,
    "debug.trace_presence": 16,
    "debug.trace_address": 86,
    "debug.trace_raw_bits": 86,
    "debug.mxcsr_control": 86,
    "debug.opcode_coverage": 1,
    "debug.mxcsr_status": 1,
    "debug.mxcsr_reset": 1,
    "debug.cli": 2,
    "debug.rollback": 1,
    "debug.file_input": 1,
    "profile_trace_parity": 1,
    "profile_result_count": 1,
    "profile_result_parity": 520
  },
  "failure_count": 0,
  "failures": [],
  "constants_words_per_profile": 50,
  "limitations": [
    "Finite tests; no correct-rounding proof.",
    "Raw flags/lane checks cover the listed observed operations, not all CPU instructions.",
    "NASM host binary provenance is recorded, not a toolchain supply-chain security certification."
  ]
}
