$ /opt/pyvenv/bin/python3 tests/runtime_suite.py --report /mnt/data/ASMlab-v0.4.0/build/evidence/runtime/runtime-unit.json
{
  "schema_version": 1,
  "version": "0.4.0",
  "case_count": 26123,
  "group_counts": {
    "abi": 17079,
    "memcpy": 188,
    "memset": 329,
    "memmove": 329,
    "memcmp": 317,
    "strlen": 47,
    "strnlen": 276,
    "strcmp": 342,
    "zero_length": 5,
    "integer_format": 4854,
    "integer_parse": 1362,
    "integer_parse_invalid": 34,
    "integer_parse_overflow": 5,
    "integer_signed_zero": 3,
    "fd_open": 1,
    "reader_binary": 1,
    "reader_eof_status": 1,
    "reader_sticky_eof": 3,
    "fd_close": 1,
    "fd_open_error": 1,
    "fd_read_error": 1,
    "fd_write_error": 1,
    "fd_zero_write": 1,
    "syscall_arg4": 1,
    "writer_acceptance": 1,
    "writer_flush": 1,
    "writer_pipe_bytes": 1,
    "syscall_ioctl": 1,
    "fault_path_abi": 50,
    "write_fault_status": 5,
    "write_fault_calls": 5,
    "write_partial_offsets": 1,
    "read_short_eintr": 1,
    "read_short_call_count": 1,
    "read_sticky_error": 4,
    "writer_buffer_only": 1,
    "writer_partial_failure": 1,
    "writer_sticky_error": 1,
    "typed_writer": 3,
    "typed_writer_output": 1,
    "close_no_retry": 1,
    "writer_rollover_accept": 1,
    "writer_rollover_bytes": 1,
    "guard_page_subprocess": 12,
    "decimal_oracle_known_bits": 7,
    "decimal_adapter_rounding": 407,
    "decimal_adapter_endptr": 407,
    "smoke_version": 1,
    "smoke_help": 1,
    "smoke_binary_echo": 7,
    "smoke_integer": 4,
    "smoke_bad_args": 8,
    "smoke_file": 1,
    "smoke_missing_file": 1,
    "smoke_directory": 1,
    "smoke_flush_failure": 1,
    "smoke_bad_fd": 1,
    "smoke_sigpipe": 1
  },
  "failure_count": 0,
  "failures": [],
  "elapsed_seconds": 7.681,
  "limitations": [
    "Finite tests, not formal verification or a security certification.",
    "Guard pages cover listed boundary configurations; not all allocations.",
    "Decimal tests verify the retained libc adapter, not a new standalone f64 converter.",
    "Fault-provider callbacks are test-only; MXCSR preservation is checked on native paths, not inside Python callbacks.",
    "Runtime-smoke has no parser, math evaluator, plots, server, or ARM64 backend."
  ]
}
