+ /opt/pyvenv/bin/python3 tests/runtime_boundary.py --report /mnt/data/ASMlab-v0.2.0/build/evidence/runtime/runtime-boundary.json
+ /opt/pyvenv/bin/python3 tests/runtime_suite.py --report /mnt/data/ASMlab-v0.2.0/build/evidence/runtime/runtime-unit.json
+ /opt/pyvenv/bin/python3 tests/verify.py /mnt/data/ASMlab-v0.2.0/bin/asmlab-libc-reference --report /mnt/data/ASMlab-v0.2.0/build/evidence/runtime/libc-reference-regression.json
+ sh tests/audit.sh /mnt/data/ASMlab-v0.2.0/bin/asmlab-libc-reference reference
{
  "schema_version": 1,
  "version": "0.2.0",
  "status": "passed",
  "executed_at_utc": "2026-09-23T04:28:38.267938+00:00",
  "steps": [
    {
      "name": "runtime-boundary",
      "exit_code": 0
    },
    {
      "name": "runtime-unit",
      "exit_code": 0
    },
    {
      "name": "libc-reference-regression",
      "exit_code": 0
    },
    {
      "name": "libc-reference-audit",
      "exit_code": 0
    }
  ],
  "counts": {
    "runtime-boundary": 712,
    "runtime-unit": 26123,
    "libc-reference-regression": 14410
  },
  "limitations": [
    "Standalone runtime foundation only is no-libc; full ASMlab is still Level 2.",
    "No ARM64/server/graph implementation or hardware verification."
  ],
  "total_assertions": 41245,
  "failure_count": 0
}
