$ /usr/bin/python3 tests/observable_workbench.py --report /mnt/data/ASMlab-v0.5.0/build/evidence/workbench/observable-workbench.json
Testing modes
Testing trace
Testing code
Testing pty
{
  "schema_version": 1,
  "version": "0.5.0",
  "executed_at_utc": "2026-09-23T23:45:54.193603+00:00",
  "case_count": 10427,
  "group_counts": {
    "batch_status": 4,
    "mode_result_bits": 1036,
    "profile_outputs": 1,
    "invalid_cli": 4,
    "quota_rollback_modes": 2,
    "trace_identity": 46,
    "final_fp_parity": 46,
    "trace_compute_disabled": 46,
    "trace_results": 46,
    "capture_accounting": 46,
    "node_span": 242,
    "ast_links": 196,
    "event_source_link": 1434,
    "instruction_evidence": 1434,
    "event_lanes": 1434,
    "event_raw_registers": 1434,
    "matrix_context": 1434,
    "fp_control": 1434,
    "known_simd_lanes": 2,
    "parenthesized_span": 2,
    "error_trace_contract": 6,
    "trace_overflow": 2,
    "snapshot_mode_lifetime": 2,
    "index_semantics": 2,
    "compute_region": 2,
    "compute_no_dispatch": 2,
    "compute_no_trace_state": 2,
    "compute_no_observe_calls": 2,
    "compute_inline_sse": 24,
    "pty_enter": 2,
    "pty_panels": 2,
    "pty_event_link": 2,
    "pty_register_bits": 2,
    "pty_editor_submit": 2,
    "pty_value_viewport": 2,
    "pty_search": 2,
    "pty_search_next": 2,
    "pty_search_notfound": 2,
    "pty_history": 2,
    "pty_resize": 2,
    "pty_small_window": 2,
    "pty_minimal_window": 2,
    "pty_next_not_last": 2,
    "pty_compute_screen": 2,
    "pty_edit_keys": 2,
    "pty_error_no_snapshot": 2,
    "pty_error_navigation": 2,
    "pty_error_preserves_ans": 2,
    "pty_clear": 2,
    "pty_exit_restore": 2,
    "pty_signal_restore": 10,
    "pty_suspend_restore": 2,
    "pty_resume": 2,
    "pty_resume_exit": 2,
    "pty_buffered_repl": 2
  },
  "failure_count": 0,
  "failures": [],
  "elapsed_seconds": 14.45,
  "limitations": [
    "Finite tests, not formal correctness or safety proof. Actual selected SSE2 captures, not full CPU trace.",
    "Compute is a build-time specialization, not a JIT or a claim of global speed superiority.",
    "Workbench displays completed node values; it is not a debugger resuming halfway through execution.",
    "Signals are serviced at UI boundaries; uncatchable SIGKILL/SIGSTOP or a crash cannot guarantee cleanup."
  ]
}
