+ /usr/bin/python3 tests/verify.py /mnt/data/ASMlab-v0.5.0/bin/asmlab --report /mnt/data/ASMlab-v0.5.0/build/evidence/native/release-regression.json
+ sh tests/audit.sh /mnt/data/ASMlab-v0.5.0/bin/asmlab
+ /usr/bin/python3 tests/verify.py /mnt/data/ASMlab-v0.5.0/bin/asmlab-debug --report /mnt/data/ASMlab-v0.5.0/build/evidence/native/debug-regression.json
+ sh tests/audit.sh /mnt/data/ASMlab-v0.5.0/bin/asmlab-debug
+ /usr/bin/python3 tests/native_contract.py --report /mnt/data/ASMlab-v0.5.0/build/evidence/native/native-contract.json
{
  "schema_version": 1,
  "version": "0.5.0",
  "status": "passed",
  "executed_at_utc": "2026-09-23T23:45:17.320717+00:00",
  "steps": [
    {
      "name": "release-regression",
      "exit_code": 0
    },
    {
      "name": "release-audit",
      "exit_code": 0
    },
    {
      "name": "debug-regression",
      "exit_code": 0
    },
    {
      "name": "debug-audit",
      "exit_code": 0
    },
    {
      "name": "native-contract",
      "exit_code": 0
    }
  ],
  "native_regression_counts": {
    "release": 14410,
    "debug": 14410
  },
  "remote_ci_executed": false,
  "limitations": [
    "Linux x86-64 process execution only; no other platform was tested by this gate.",
    "Production is L3-Core; the development reference is intentionally libc-linked.",
    "Not a Pi/ARM64, Windows-native or web-server implementation."
  ],
  "native_contract_count": 1254,
  "total_assertions": 30074,
  "failure_count": 0
}
