{
  "schema_version": 1,
  "version": "0.5.0",
  "status": "passed",
  "steps": [
    {
      "name": "release-observe",
      "exit_code": 0
    },
    {
      "name": "debug-observe",
      "exit_code": 0
    },
    {
      "name": "observable-workbench",
      "exit_code": 0
    }
  ],
  "executed_at_utc": "2026-09-23T23:45:36.659070+00:00",
  "validation_only": false,
  "counts": {
    "release-observe": 14410,
    "debug-observe": 14410,
    "observable-workbench": 10427
  },
  "total_assertions": 39247,
  "failure_count": 0
}
